---
source: tests/snapshot_tests.rs
expression: output
---

Species Composition
==================================================
╭───────────────────┬──────┬─────┬───────┬───────┬───────┬──────────╮
│ Species           ┆ Code ┆ TPA ┆ % TPA ┆ BA/ac ┆ % BA  ┆ Mean DBH │
╞═══════════════════╪══════╪═════╪═══════╪═══════╪═══════╪══════════╡
│ Douglas Fir       ┆ DF   ┆ 5.0 ┆ 50.0% ┆ 7.9   ┆ 63.0% ┆ 17.0"    │
├╌╌╌╌╌╌╌╌╌╌╌╌╌╌╌╌╌╌╌┼╌╌╌╌╌╌┼╌╌╌╌╌┼╌╌╌╌╌╌╌┼╌╌╌╌╌╌╌┼╌╌╌╌╌╌╌┼╌╌╌╌╌╌╌╌╌╌┤
│ Western Red Cedar ┆ WRC  ┆ 5.0 ┆ 50.0% ┆ 4.6   ┆ 37.0% ┆ 13.0"    │
╰───────────────────┴──────┴─────┴───────┴───────┴───────┴──────────╯
