---
source: tests/snapshot_tests.rs
expression: output
---

Stand Summary
==================================================
╭───────────────────┬───────┬────────────╮
│ Metric            ┆ Value ┆ Unit       │
╞═══════════════════╪═══════╪════════════╡
│ Trees per Acre    ┆ 10.0  ┆ TPA        │
├╌╌╌╌╌╌╌╌╌╌╌╌╌╌╌╌╌╌╌┼╌╌╌╌╌╌╌┼╌╌╌╌╌╌╌╌╌╌╌╌┤
│ Basal Area        ┆ 12.5  ┆ sq ft/acre │
├╌╌╌╌╌╌╌╌╌╌╌╌╌╌╌╌╌╌╌┼╌╌╌╌╌╌╌┼╌╌╌╌╌╌╌╌╌╌╌╌┤
│ Volume (cubic ft) ┆ 554.6 ┆ cu ft/acre │
├╌╌╌╌╌╌╌╌╌╌╌╌╌╌╌╌╌╌╌┼╌╌╌╌╌╌╌┼╌╌╌╌╌╌╌╌╌╌╌╌┤
│ Volume (board ft) ┆ 2019  ┆ bd ft/acre │
├╌╌╌╌╌╌╌╌╌╌╌╌╌╌╌╌╌╌╌┼╌╌╌╌╌╌╌┼╌╌╌╌╌╌╌╌╌╌╌╌┤
│ QMD               ┆ 15.2  ┆ inches     │
├╌╌╌╌╌╌╌╌╌╌╌╌╌╌╌╌╌╌╌┼╌╌╌╌╌╌╌┼╌╌╌╌╌╌╌╌╌╌╌╌┤
│ Mean Height       ┆ 95.0  ┆ feet       │
├╌╌╌╌╌╌╌╌╌╌╌╌╌╌╌╌╌╌╌┼╌╌╌╌╌╌╌┼╌╌╌╌╌╌╌╌╌╌╌╌┤
│ Number of Species ┆ 2     ┆            │
╰───────────────────┴───────┴────────────╯
