---
source: tests/snapshot_tests.rs
expression: output
---

Growth Projections
============================================================
╭──────┬──────┬───────┬───────────────┬───────────────╮
│ Year ┆ TPA  ┆ BA/ac ┆ Vol (cuft/ac) ┆ Vol (bdft/ac) │
╞══════╪══════╪═══════╪═══════════════╪═══════════════╡
│ 0    ┆ 10.0 ┆ 7.1   ┆ 250.0         ┆ 1200          │
├╌╌╌╌╌╌┼╌╌╌╌╌╌┼╌╌╌╌╌╌╌┼╌╌╌╌╌╌╌╌╌╌╌╌╌╌╌┼╌╌╌╌╌╌╌╌╌╌╌╌╌╌╌┤
│ 5    ┆ 9.8  ┆ 8.2   ┆ 289.5         ┆ 1390          │
├╌╌╌╌╌╌┼╌╌╌╌╌╌┼╌╌╌╌╌╌╌┼╌╌╌╌╌╌╌╌╌╌╌╌╌╌╌┼╌╌╌╌╌╌╌╌╌╌╌╌╌╌╌┤
│ 10   ┆ 9.5  ┆ 9.5   ┆ 335.2         ┆ 1609          │
├╌╌╌╌╌╌┼╌╌╌╌╌╌┼╌╌╌╌╌╌╌┼╌╌╌╌╌╌╌╌╌╌╌╌╌╌╌┼╌╌╌╌╌╌╌╌╌╌╌╌╌╌╌┤
│ 15   ┆ 9.3  ┆ 11.0  ┆ 387.8         ┆ 1862          │
├╌╌╌╌╌╌┼╌╌╌╌╌╌┼╌╌╌╌╌╌╌┼╌╌╌╌╌╌╌╌╌╌╌╌╌╌╌┼╌╌╌╌╌╌╌╌╌╌╌╌╌╌╌┤
│ 20   ┆ 9.0  ┆ 12.7  ┆ 448.7         ┆ 2155          │
╰──────┴──────┴───────┴───────────────┴───────────────╯
