---
source: tests/snapshot_tests.rs
expression: output
---

Sampling Statistics
Confidence Level: 95% | Sample Size: 2 plots
======================================================================
╭───────────────────────┬────────┬───────────┬──────────┬──────────┬───────────────╮
│ Metric                ┆ Mean   ┆ Std Error ┆ Lower CI ┆ Upper CI ┆ Samp. Error % │
╞═══════════════════════╪════════╪═══════════╪══════════╪══════════╪═══════════════╡
│ TPA                   ┆ 10.0   ┆ 0.50      ┆ 3.6      ┆ 16.4     ┆ 63.7%         │
├╌╌╌╌╌╌╌╌╌╌╌╌╌╌╌╌╌╌╌╌╌╌╌┼╌╌╌╌╌╌╌╌┼╌╌╌╌╌╌╌╌╌╌╌┼╌╌╌╌╌╌╌╌╌╌┼╌╌╌╌╌╌╌╌╌╌┼╌╌╌╌╌╌╌╌╌╌╌╌╌╌╌┤
│ Basal Area (sq ft/ac) ┆ 7.1    ┆ 0.75      ┆ -2.4     ┆ 16.6     ┆ 133.8%        │
├╌╌╌╌╌╌╌╌╌╌╌╌╌╌╌╌╌╌╌╌╌╌╌┼╌╌╌╌╌╌╌╌┼╌╌╌╌╌╌╌╌╌╌╌┼╌╌╌╌╌╌╌╌╌╌┼╌╌╌╌╌╌╌╌╌╌┼╌╌╌╌╌╌╌╌╌╌╌╌╌╌╌┤
│ Volume (cu ft/ac)     ┆ 250.0  ┆ 25.00     ┆ -67.6    ┆ 567.6    ┆ 127.0%        │
├╌╌╌╌╌╌╌╌╌╌╌╌╌╌╌╌╌╌╌╌╌╌╌┼╌╌╌╌╌╌╌╌┼╌╌╌╌╌╌╌╌╌╌╌┼╌╌╌╌╌╌╌╌╌╌┼╌╌╌╌╌╌╌╌╌╌┼╌╌╌╌╌╌╌╌╌╌╌╌╌╌╌┤
│ Volume (bd ft/ac)     ┆ 1200.0 ┆ 120.00    ┆ -324.5   ┆ 2724.5   ┆ 127.0%        │
╰───────────────────────┴────────┴───────────┴──────────┴──────────┴───────────────╯
